// Jest Snapshot v1, https://goo.gl/fbAQLP

exports[`Pruebas en git item Debe hacer match con el snapshot 1`] = `
<div>
  <div
    class="card"
  >
    <img
      alt="Naruto"
      src="https://narutoshippuden.com/naruto"
    />
    <p>
      Naruto
    </p>
  </div>
</div>
`;
